5-5-2026 09:34:32 - verbose: Arguments:
5-5-2026 09:34:32 - verbose:   /Applications/Cocos/Creator/3.7.3/CocosCreator.app/Contents/MacOS/CocosCreator: true
5-5-2026 09:34:32 - verbose:   project: /Users/user/NewProject_1
5-5-2026 09:34:32 - verbose:   can-show-upgrade-dialog: true
5-5-2026 09:34:32 - verbose:   dev: false
5-5-2026 09:34:32 - verbose:   home: /Users/user/.CocosCreator
5-5-2026 09:34:32 - verbose:  
5-5-2026 09:34:36 - verbose: [Package] menu@1.0.0 enable
5-5-2026 09:34:36 - verbose: [Package] profile@1.0.0 enable
5-5-2026 09:34:36 - verbose: [Package] project@1.0.4 enable
5-5-2026 09:34:36 - verbose: [Package] messages@1.0.0 enable
5-5-2026 09:34:36 - verbose: [Package] program@1.0.3 enable
5-5-2026 09:34:36 - verbose: [Package] tester@1.0.0 enable
5-5-2026 09:34:36 - verbose: [Package] information@1.0.0 enable
5-5-2026 09:34:36 - verbose: [Package] preferences@1.0.0 enable
5-5-2026 09:34:38 - log: Load engine in /Applications/Cocos/Creator/3.7.3/CocosCreator.app/Contents/Resources/resources/3d/engine
5-5-2026 09:34:39 - log: Profile changed: engine (modules.includeModules: 2d,animation,audio,base,dragon-bones,gfx-webgl,gfx-webgl2,intersection-2d,particle-2d,physics-2d-box2d,profiler,spine,tiled-map,tween,ui,video,webview)
5-5-2026 09:34:39 - log: Register native engine in /Applications/Cocos/Creator/3.7.3/CocosCreator.app/Contents/Resources/resources/3d/engine/native
5-5-2026 09:34:39 - verbose: [Package] engine@1.0.7 enable
5-5-2026 09:34:39 - verbose: [Package] programming@1.0.0 enable
5-5-2026 09:34:39 - verbose: [Package] device@1.0.1 enable
5-5-2026 09:34:39 - verbose: [Package] ui-kit@1.0.1 enable
5-5-2026 09:34:39 - verbose: [Package] asset-db@1.0.0 enable
5-5-2026 09:34:39 - verbose: [Package] scene@1.0.0 enable
5-5-2026 09:34:39 - verbose: [Package] server@1.0.0 enable
5-5-2026 09:34:39 - verbose: [Package] utils@1.0.0 enable
5-5-2026 09:34:43 - verbose: [Package] preview@1.0.1 enable
5-5-2026 09:34:43 - verbose: [Package] animator@1.0.0 enable
5-5-2026 09:34:43 - verbose: [Build-plugin] register pkg scene: 2ms
5-5-2026 09:34:43 - verbose: Builder PluginManager init: 2ms
5-5-2026 09:34:43 - verbose: [Package] builder@1.3.5 enable
5-5-2026 09:34:43 - verbose: [Package] shortcuts@1.0.1 enable
5-5-2026 09:34:43 - verbose: [Package] animation-graph@1.0.0 enable
5-5-2026 09:34:43 - verbose: [Package] about@1.0.2 enable
5-5-2026 09:34:43 - verbose: [Package] assets@1.0.0 enable
5-5-2026 09:34:43 - verbose: [Package] console@1.0.0 enable
5-5-2026 09:34:43 - verbose: [Package] crash-reporter@1.0.0 enable
5-5-2026 09:34:44 - verbose: [Package] extension@3.1.1 enable
5-5-2026 09:34:44 - verbose: [Package] hierarchy@1.0.0 enable
5-5-2026 09:34:44 - verbose: [Package] inspector@1.0.0 enable
5-5-2026 09:34:44 - verbose: [Package] light-probe@1.0.4 enable
5-5-2026 09:34:44 - verbose: [Package] lightmap@1.0.4 enable
5-5-2026 09:34:44 - verbose: [Package] node-library@1.0.1 enable
5-5-2026 09:34:44 - verbose: [Package] package-asset@1.0.1 enable
5-5-2026 09:34:44 - verbose: [Package] process@1.0.0 enable
5-5-2026 09:34:44 - verbose: [Package] reference-image@1.0.0 enable
5-5-2026 09:34:44 - verbose: [Package] reflection-probe@1.0.4 enable
5-5-2026 09:34:44 - verbose: [Package] engine-extends@1.0.0 enable
5-5-2026 09:34:44 - verbose: [Package] alipay-mini-game@1.0.1 enable
5-5-2026 09:34:44 - verbose: [Package] android@1.0.1 enable
5-5-2026 09:34:44 - verbose: [Package] bytedance-mini-game@1.0.2 enable
5-5-2026 09:34:44 - verbose: [Package] im-plugin@3.0.12 enable
5-5-2026 09:34:44 - verbose: [Package] cocos-service@3.0.7 enable
5-5-2026 09:34:44 - verbose: [Build-plugin] register pkg cocos-service: 29ms
5-5-2026 09:34:44 - verbose: [Package] certificate@1.0.0 enable
5-5-2026 09:34:44 - verbose: [Build-plugin] register pkg alipay-mini-game: 381ms
5-5-2026 09:34:44 - verbose: [Package] channel-upload-tools@1.0.0 enable
5-5-2026 09:34:44 - verbose: [Package] fb-instant-games@1.0.0 enable
5-5-2026 09:34:44 - verbose: [Package] huawei-agc@1.0.0 enable
5-5-2026 09:34:44 - verbose: [Package] huawei-quick-game@1.0.1 enable
5-5-2026 09:34:45 - verbose: [Package] ios@1.0.0 enable
5-5-2026 09:34:45 - verbose: [Build-plugin] register pkg android: 653ms
5-5-2026 09:34:45 - verbose: [Build-plugin] register pkg bytedance-mini-game: 605ms
5-5-2026 09:34:45 - verbose: [Build-plugin] register pkg huawei-agc: 240ms
5-5-2026 09:34:45 - verbose: [Build-plugin] register pkg fb-instant-games: 266ms
5-5-2026 09:34:45 - verbose: [Package] linux@1.0.0 enable
5-5-2026 09:34:45 - verbose: [Build-plugin] register pkg huawei-quick-game: 236ms
5-5-2026 09:34:45 - verbose: [Package] mac@1.0.0 enable
5-5-2026 09:34:45 - verbose: [Package] native@1.0.2 enable
5-5-2026 09:34:45 - verbose: [Build-plugin] register pkg native: 37ms
5-5-2026 09:34:45 - verbose: [Package] ohos@1.0.0 enable
5-5-2026 09:34:45 - verbose: [Package] open-harmonyos@1.0.0 enable
5-5-2026 09:34:45 - verbose: [Package] oppo-mini-game@1.0.1 enable
5-5-2026 09:34:45 - verbose: [Package] runtime-dev-tools@1.0.0 enable
5-5-2026 09:34:45 - verbose: [Package] taobao-creative-app@1.0.0 enable
5-5-2026 09:34:45 - verbose: [Build-plugin] register pkg ios: 260ms
5-5-2026 09:34:45 - verbose: [Package] taobao-mini-game@1.0.0 enable
5-5-2026 09:34:45 - verbose: [Package] vivo-mini-game@1.0.1 enable
5-5-2026 09:34:45 - verbose: [Build-plugin] register pkg mac: 257ms
5-5-2026 09:34:45 - verbose: [Package] web-desktop@1.0.1 enable
5-5-2026 09:34:45 - verbose: [Package] web-mobile@1.0.1 enable
5-5-2026 09:34:45 - verbose: [Build-plugin] register pkg oppo-mini-game: 164ms
5-5-2026 09:34:45 - verbose: [Package] wechatgame@1.0.2 enable
5-5-2026 09:34:45 - verbose: [Package] wechatprogram@1.0.2 enable
5-5-2026 09:34:45 - verbose: [Package] windows@1.0.1 enable
5-5-2026 09:34:45 - verbose: [Build-plugin] register pkg taobao-mini-game: 183ms
5-5-2026 09:34:45 - verbose: [Package] xiaomi-quick-game@1.0.1 enable
5-5-2026 09:34:45 - verbose: [Build-plugin] register pkg ohos: 342ms
5-5-2026 09:34:45 - verbose: [Package] placeholder@1.0.0 enable
5-5-2026 09:34:45 - verbose: [Build-plugin] register pkg vivo-mini-game: 250ms
5-5-2026 09:34:45 - verbose: [Build-plugin] register pkg web-desktop: 243ms
5-5-2026 09:34:45 - verbose: [Build-plugin] register pkg wechatgame: 200ms
5-5-2026 09:34:45 - verbose: [Build-plugin] register pkg web-mobile: 276ms
5-5-2026 09:34:45 - verbose: asset-db is ready!
5-5-2026 09:34:45 - verbose: [Build-plugin] register pkg windows: 285ms
5-5-2026 09:34:47 - info: [Scene] [Physics][Bullet]: Using asmjs Bullet libs.
5-5-2026 09:34:47 - info: [Scene] [PHYSICS]: using builtin.
5-5-2026 09:34:47 - log: [Scene] Cocos Creator v3.7.3
5-5-2026 09:34:47 - info: [Scene] Forward render pipeline initialized.
5-5-2026 09:34:47 - info: [Scene] [PHYSICS2D]: switch from builtin to box2d.
5-5-2026 09:57:42 - error: [Browser Preview]undefined
5-5-2026 09:58:34 - error: [Browser Preview]undefined
5-5-2026 10:10:57 - log: [Window] Deprecated as of 10.7.0. highlight(lang, code, ...args) has been deprecated.
5-5-2026 10:10:57 - log: [Window] Deprecated as of 10.7.0. Please use highlight(code, options) instead.
https://github.com/highlightjs/highlight.js/issues/2277
5-5-2026 10:10:58 - warn: Please set the application in Preferences -> External Programs -> Default Script Editor to better open the script
5-5-2026 10:23:08 - warn: Please set the application in Preferences -> External Programs -> Default Script Editor to better open the script
5-5-2026 10:53:05 - warn: [Scene] Did you forget the extension? Please note that you can not omit extension in module specifier.Error: [Scene] Did you forget the extension? Please note that you can not omit extension in module specifier.
    at logger (/Applications/Cocos/Creator/3.7.3/CocosCreator.app/Contents/Resources/app.asar/node_modules/@editor/lib-programming/static/executor/systemjs-bridge/out/index.js:755:13)
    at ExecutorSystem.resolve [as _detailResolve] (/Applications/Cocos/Creator/3.7.3/CocosCreator.app/Contents/Resources/app.asar/node_modules/@editor/lib-programming/static/executor/systemjs-bridge/out/index.js:772:17)
    at ExecutorSystem._resolve (/Applications/Cocos/Creator/3.7.3/CocosCreator.app/Contents/Resources/app.asar/node_modules/@editor/lib-programming/src/editor-systemjs/index.ts:137:14)
    at SystemJS.resolve (/Applications/Cocos/Creator/3.7.3/CocosCreator.app/Contents/Resources/app.asar/node_modules/@editor/lib-programming/src/editor-systemjs/index.ts:36:23)
    at /Applications/Cocos/Creator/3.7.3/CocosCreator.app/Contents/Resources/app.asar/node_modules/@editor/lib-programming/static/executor/systemjs-bridge/out/index.js:355:37
    at Array.map (<anonymous>)
    at /Applications/Cocos/Creator/3.7.3/CocosCreator.app/Contents/Resources/app.asar/node_modules/@editor/lib-programming/static/executor/systemjs-bridge/out/index.js:353:41
5-5-2026 10:53:05 - error: [Scene] {hidden(::SceneExecutorImportExceptionHandler::)} Error: Error: Module "./mEmitter" not found for file:///Users/user/NewProject_1/assets/script/popup/setting.ts
    at rejector (/Applications/Cocos/Creator/3.7.3/CocosCreator.app/Contents/Resources/app.asar/node_modules/@editor/lib-programming/static/executor/systemjs-bridge/out/index.js:759:15)
    at ExecutorSystem.resolve [as _detailResolve] (/Applications/Cocos/Creator/3.7.3/CocosCreator.app/Contents/Resources/app.asar/node_modules/@editor/lib-programming/static/executor/systemjs-bridge/out/index.js:777:13)
    at ExecutorSystem._resolve (/Applications/Cocos/Creator/3.7.3/CocosCreator.app/Contents/Resources/app.asar/node_modules/@editor/lib-programming/src/editor-systemjs/index.ts:137:14)
    at SystemJS.resolve (/Applications/Cocos/Creator/3.7.3/CocosCreator.app/Contents/Resources/app.asar/node_modules/@editor/lib-programming/src/editor-systemjs/index.ts:36:23)
    at /Applications/Cocos/Creator/3.7.3/CocosCreator.app/Contents/Resources/app.asar/node_modules/@editor/lib-programming/static/executor/systemjs-bridge/out/index.js:355:37
    at Array.map (<anonymous>)
    at /Applications/Cocos/Creator/3.7.3/CocosCreator.app/Contents/Resources/app.asar/node_modules/@editor/lib-programming/static/executor/systemjs-bridge/out/index.js:353:41
    at file:///Users/user/NewProject_1/temp/programming/packer-driver/targets/editor/chunks/32/cce:/internal/x/prerequisite-imports:8:13
    at Object.execute (file:///Users/user/NewProject_1/temp/programming/packer-driver/targets/editor/chunks/32/cce:/internal/x/prerequisite-imports:4:1)
    at Executor._importPrerequisiteModules (/Applications/Cocos/Creator/3.7.3/CocosCreator.app/Contents/Resources/app.asar/node_modules/@editor/lib-programming/src/executor/index.ts:267:13)Error: [Scene] {hidden(::SceneExecutorImportExceptionHandler::)} Error: Error: Module "./mEmitter" not found for file:///Users/user/NewProject_1/assets/script/popup/setting.ts
    at SystemJS.resolve (/Applications/Cocos/Creator/3.7.3/CocosCreator.app/Contents/Resources/app.asar/node_modules/@editor/lib-programming/src/editor-systemjs/index.ts:36:23)
    at /Applications/Cocos/Creator/3.7.3/CocosCreator.app/Contents/Resources/app.asar/node_modules/@editor/lib-programming/static/executor/systemjs-bridge/out/index.js:355:37
    at Array.map (<anonymous>)
    at /Applications/Cocos/Creator/3.7.3/CocosCreator.app/Contents/Resources/app.asar/node_modules/@editor/lib-programming/static/executor/systemjs-bridge/out/index.js:353:41
    at file:///Users/user/NewProject_1/temp/programming/packer-driver/targets/editor/chunks/32/cce:/internal/x/prerequisite-imports:8:13
    at Object.execute (file:///Users/user/NewProject_1/temp/programming/packer-driver/targets/editor/chunks/32/cce:/internal/x/prerequisite-imports:4:1)
    at Executor._importPrerequisiteModules (/Applications/Cocos/Creator/3.7.3/CocosCreator.app/Contents/Resources/app.asar/node_modules/@editor/lib-programming/src/executor/index.ts:267:13)
    at Logger._logHandler (/Applications/Cocos/Creator/3.7.3/CocosCreator.app/Contents/Resources/app.asar/builtin/scene/dist/script/3d/manager/startup/log.ccc:1:318)
    at Logger.record (/Applications/Cocos/Creator/3.7.3/CocosCreator.app/Contents/Resources/app.asar/node_modules/@base/electron-logger/lib/renderer.ccc:1:458)
    at console.error (/Applications/Cocos/Creator/3.7.3/CocosCreator.app/Contents/Resources/app.asar/node_modules/@base/electron-logger/lib/renderer.ccc:1:1414)
    at ScriptManager._handleImportException (/Applications/Cocos/Creator/3.7.3/CocosCreator.app/Contents/Resources/app.asar/builtin/scene/dist/script/3d/manager/scripts.ccc:1:5259)
    at Executor.importExceptionHandler [as _importExceptionHandler] (/Applications/Cocos/Creator/3.7.3/CocosCreator.app/Contents/Resources/app.asar/builtin/scene/dist/script/3d/manager/scripts.ccc:1:3396)
    at Executor._onModuleLoaded (/Applications/Cocos/Creator/3.7.3/CocosCreator.app/Contents/Resources/app.asar/node_modules/@editor/lib-programming/src/executor/index.ts:316:22)
    at SystemJS.onload (/Applications/Cocos/Creator/3.7.3/CocosCreator.app/Contents/Resources/app.asar/node_modules/@editor/lib-programming/src/executor/index.ts:77:18)
    at triggerOnload (/Applications/Cocos/Creator/3.7.3/CocosCreator.app/Contents/Resources/app.asar/node_modules/@editor/lib-programming/static/executor/systemjs-bridge/out/index.js:270:10)
    at /Applications/Cocos/Creator/3.7.3/CocosCreator.app/Contents/Resources/app.asar/node_modules/@editor/lib-programming/static/executor/systemjs-bridge/out/index.js:431:7
    at file:///Users/user/NewProject_1/temp/programming/packer-driver/targets/editor/chunks/32/cce:/internal/x/prerequisite-imports:8:13
5-5-2026 10:53:05 - warn: [Scene] Missing class: 4a661WLdKVFt70xJqMeWCK0Error: [Scene] Missing class: 4a661WLdKVFt70xJqMeWCK0
    at Object.classFinder (/Applications/Cocos/Creator/3.7.3/CocosCreator.app/Contents/Resources/app.asar/builtin/engine/dist/editor-extends/missing-reporter/missing-class-reporter.ccc:1:2131)
    at _Deserializer.classFinder [as _classFinder] (/Applications/Cocos/Creator/3.7.3/CocosCreator.app/Contents/Resources/resources/3d/engine/bin/.cache/dev/editor/bundled/index.js:157030:34)
    at _Deserializer._deserializeTypeTaggedObject (/Applications/Cocos/Creator/3.7.3/CocosCreator.app/Contents/Resources/resources/3d/engine/bin/.cache/dev/editor/bundled/index.js:44268:30)
    at _Deserializer._deserializeObject (/Applications/Cocos/Creator/3.7.3/CocosCreator.app/Contents/Resources/resources/3d/engine/bin/.cache/dev/editor/bundled/index.js:44209:29)
    at _Deserializer._deserializeAndAssignField (/Applications/Cocos/Creator/3.7.3/CocosCreator.app/Contents/Resources/resources/3d/engine/bin/.cache/dev/editor/bundled/index.js:44417:38)
    at _Deserializer._deserializeArray (/Applications/Cocos/Creator/3.7.3/CocosCreator.app/Contents/Resources/resources/3d/engine/bin/.cache/dev/editor/bundled/index.js:44243:40)
    at _Deserializer._deserializeObject (/Applications/Cocos/Creator/3.7.3/CocosCreator.app/Contents/Resources/resources/3d/engine/bin/.cache/dev/editor/bundled/index.js:44215:29)
5-5-2026 10:53:05 - error: [Scene] Script "4a661WLdKVFt70xJqMeWCK0" attached to "SettingPopup" is missing or invalid. Detailed information:
Node path: "root/Canvas/SettingPopup"
Script UUID: "4a66158b-74a5-45b7-bd31-26a31e5822b4"
Class ID: "4a661WLdKVFt70xJqMeWCK0"
Error: [Scene] Script "4a661WLdKVFt70xJqMeWCK0" attached to "SettingPopup" is missing or invalid. Detailed information:
Node path: "root/Canvas/SettingPopup"
Script UUID: "4a66158b-74a5-45b7-bd31-26a31e5822b4"
Class ID: "4a661WLdKVFt70xJqMeWCK0"

    at report (/Applications/Cocos/Creator/3.7.3/CocosCreator.app/Contents/Resources/app.asar/builtin/engine/dist/editor-extends/missing-reporter/missing-class-reporter.ccc:1:1156)
    at reportByWalker (/Applications/Cocos/Creator/3.7.3/CocosCreator.app/Contents/Resources/app.asar/builtin/engine/dist/editor-extends/missing-reporter/missing-class-reporter.ccc:1:1252)
    at /Applications/Cocos/Creator/3.7.3/CocosCreator.app/Contents/Resources/app.asar/builtin/engine/dist/editor-extends/missing-reporter/missing-class-reporter.ccc:1:1893
    at ObjectWalkerBehavior.walk (/Applications/Cocos/Creator/3.7.3/CocosCreator.app/Contents/Resources/app.asar/builtin/engine/dist/editor-extends/missing-reporter/object-walker.ccc:1:2355)
    at ObjectWalkerBehavior.forEach (/Applications/Cocos/Creator/3.7.3/CocosCreator.app/Contents/Resources/app.asar/builtin/engine/dist/editor-extends/missing-reporter/object-walker.ccc:1:825)
    at ObjectWalkerBehavior.parseObject (/Applications/Cocos/Creator/3.7.3/CocosCreator.app/Contents/Resources/app.asar/builtin/engine/dist/editor-extends/missing-reporter/object-walker.ccc:1:306)
    at doWalkProperties (/Applications/Cocos/Creator/3.7.3/CocosCreator.app/Contents/Resources/app.asar/builtin/engine/dist/editor-extends/missing-reporter/object-walker.ccc:1:2148)
5-5-2026 10:53:06 - error: [Browser Preview]Error: Error: Module "./mEmitter" not found for file:///Users/user/NewProject_1/assets/script/popup/setting.ts
5-5-2026 10:55:31 - warn: Please set the application in Preferences -> External Programs -> Default Script Editor to better open the script
5-5-2026 11:00:35 - warn: Please set the application in Preferences -> External Programs -> Default Script Editor to better open the script
5-5-2026 11:10:18 - error: [Browser Preview]null is not an object (evaluating '(_crd && mEmitter === void 0 ? (_reportPossibleCrUseOfmEmitter({
            error: Error()
          }), mEmitter) : mEmitter).instance.registerEvent')/nonEnable@http://localhost:7456/scripting/x/chunks/a8/a8e158fa5d557ee235a2c0ed5a69c343e5dbce8e.js:64:45
@http://localhost:7456/scripting/engine/bin/.cache/dev/preview/bundled/index.js:52934:26
invoke@http://localhost:7456/scripting/engine/bin/.cache/dev/preview/bundled/index.js:52804:23
activateNode@http://localhost:7456/scripting/engine/bin/.cache/dev/preview/bundled/index.js:54620:33
_activate@http://localhost:7456/scripting/engine/bin/.cache/dev/preview/bundled/index.js:63047:56
runSceneImmediate@http://localhost:7456/scripting/engine/bin/.cache/dev/preview/bundled/index.js:21194:26
@http://localhost:7456/preview-app/main.js:1:3491
@http://localhost:7456/scripting/engine/bin/.cache/dev/preview/bundled/index.js:125273:23
@http://localhost:7456/scripting/engine/bin/.cache/dev/preview/bundled/index.js:133516:11
@http://localhost:7456/scripting/engine/bin/.cache/dev/preview/bundled/index.js:183477:17
handleRAF@http://localhost:7456/scripting/engine/bin/.cache/dev/preview/bundled/index.js:4693:23
5-5-2026 11:10:18 - error: [Browser Preview]null is not an object (evaluating '(_crd && mEmitter === void 0 ? (_reportPossibleCrUseOfmEmitter({
            error: Error()
          }), mEmitter) : mEmitter).instance.registerEvent')/nonEnable@http://localhost:7456/scripting/x/chunks/a8/a8e158fa5d557ee235a2c0ed5a69c343e5dbce8e.js:64:45
@http://localhost:7456/scripting/engine/bin/.cache/dev/preview/bundled/index.js:52934:26
invoke@http://localhost:7456/scripting/engine/bin/.cache/dev/preview/bundled/index.js:52804:23
activateNode@http://localhost:7456/scripting/engine/bin/.cache/dev/preview/bundled/index.js:54620:33
_activate@http://localhost:7456/scripting/engine/bin/.cache/dev/preview/bundled/index.js:63047:56
runSceneImmediate@http://localhost:7456/scripting/engine/bin/.cache/dev/preview/bundled/index.js:21194:26
@http://localhost:7456/scripting/engine/bin/.cache/dev/preview/bundled/index.js:21273:41
@http://localhost:7456/scripting/engine/bin/.cache/dev/preview/bundled/index.js:126487:21
@http://localhost:7456/scripting/engine/bin/.cache/dev/preview/bundled/index.js:133516:11
@http://localhost:7456/scripting/engine/bin/.cache/dev/preview/bundled/index.js:183477:17
handleRAF@http://localhost:7456/scripting/engine/bin/.cache/dev/preview/bundled/index.js:4693:23
5-5-2026 11:10:19 - error: [Browser Preview]null is not an object (evaluating '(_crd && mEmitter === void 0 ? (_reportPossibleCrUseOfmEmitter({
            error: Error()
          }), mEmitter) : mEmitter).instance.registerEvent')/nonEnable@http://localhost:7456/scripting/x/chunks/a8/a8e158fa5d557ee235a2c0ed5a69c343e5dbce8e.js:64:45
@http://localhost:7456/scripting/engine/bin/.cache/dev/preview/bundled/index.js:52934:26
invoke@http://localhost:7456/scripting/engine/bin/.cache/dev/preview/bundled/index.js:52804:23
activateNode@http://localhost:7456/scripting/engine/bin/.cache/dev/preview/bundled/index.js:54620:33
_activate@http://localhost:7456/scripting/engine/bin/.cache/dev/preview/bundled/index.js:63047:56
runSceneImmediate@http://localhost:7456/scripting/engine/bin/.cache/dev/preview/bundled/index.js:21194:26
@http://localhost:7456/scripting/engine/bin/.cache/dev/preview/bundled/index.js:21273:41
@http://localhost:7456/scripting/engine/bin/.cache/dev/preview/bundled/index.js:126487:21
@http://localhost:7456/scripting/engine/bin/.cache/dev/preview/bundled/index.js:133516:11
@http://localhost:7456/scripting/engine/bin/.cache/dev/preview/bundled/index.js:183477:17
handleRAF@http://localhost:7456/scripting/engine/bin/.cache/dev/preview/bundled/index.js:4693:23
5-5-2026 14:05:12 - error: [Browser Preview]undefined is not an object (evaluating 'this.sfxSlider.progress = (_crd && AudioManager === void 0 ? (_reportPossibleCrUseOfAudioManager({
            error: Error()
          }), AudioManager) : AudioManager).instance.getSFXVolume()')/ninitMusicButton@http://localhost:7456/scripting/x/chunks/23/23ff3d7804b44cad4e6979de1970f8c0beb05e0d.js:102:25
onEnable@http://localhost:7456/scripting/x/chunks/23/23ff3d7804b44cad4e6979de1970f8c0beb05e0d.js:82:31
@http://localhost:7456/scripting/engine/bin/.cache/dev/preview/bundled/index.js:52934:26
invoke@http://localhost:7456/scripting/engine/bin/.cache/dev/preview/bundled/index.js:52804:23
activateNode@http://localhost:7456/scripting/engine/bin/.cache/dev/preview/bundled/index.js:54620:33
_activate@http://localhost:7456/scripting/engine/bin/.cache/dev/preview/bundled/index.js:63047:56
runSceneImmediate@http://localhost:7456/scripting/engine/bin/.cache/dev/preview/bundled/index.js:21194:26
@http://localhost:7456/scripting/engine/bin/.cache/dev/preview/bundled/index.js:21273:41
@http://localhost:7456/scripting/engine/bin/.cache/dev/preview/bundled/index.js:126487:21
@http://localhost:7456/scripting/engine/bin/.cache/dev/preview/bundled/index.js:133516:11
@http://localhost:7456/scripting/engine/bin/.cache/dev/preview/bundled/index.js:183477:17
handleRAF@http://localhost:7456/scripting/engine/bin/.cache/dev/preview/bundled/index.js:4693:23
5-5-2026 14:06:56 - error: [Browser Preview]undefined is not an object (evaluating 'this.sfxSlider.progress = (_crd && AudioManager === void 0 ? (_reportPossibleCrUseOfAudioManager({
            error: Error()
          }), AudioManager) : AudioManager).instance.getSFXVolume()')/ninitMusicButton@http://localhost:7456/scripting/x/chunks/f0/f0b03d7429624db950474dc02745f42157fe0298.js:105:25
onEnable@http://localhost:7456/scripting/x/chunks/f0/f0b03d7429624db950474dc02745f42157fe0298.js:82:31
@http://localhost:7456/scripting/engine/bin/.cache/dev/preview/bundled/index.js:52934:26
invoke@http://localhost:7456/scripting/engine/bin/.cache/dev/preview/bundled/index.js:52804:23
activateNode@http://localhost:7456/scripting/engine/bin/.cache/dev/preview/bundled/index.js:54620:33
_activate@http://localhost:7456/scripting/engine/bin/.cache/dev/preview/bundled/index.js:63047:56
runSceneImmediate@http://localhost:7456/scripting/engine/bin/.cache/dev/preview/bundled/index.js:21194:26
@http://localhost:7456/scripting/engine/bin/.cache/dev/preview/bundled/index.js:21273:41
@http://localhost:7456/scripting/engine/bin/.cache/dev/preview/bundled/index.js:126487:21
@http://localhost:7456/scripting/engine/bin/.cache/dev/preview/bundled/index.js:133516:11
@http://localhost:7456/scripting/engine/bin/.cache/dev/preview/bundled/index.js:183477:17
handleRAF@http://localhost:7456/scripting/engine/bin/.cache/dev/preview/bundled/index.js:4693:23
5-5-2026 14:34:38 - error: [Browser Preview]undefined is not an object (evaluating 'this.sfxSlider.progress = (_crd && AudioManager === void 0 ? (_reportPossibleCrUseOfAudioManager({
            error: Error()
          }), AudioManager) : AudioManager).instance.getSFXVolume()')/ninitMusicButton@http://localhost:7456/scripting/x/chunks/3c/3c86f9c892451a64bb1cd6c1fd98a0ae0406cf22.js:93:25
onEnable@http://localhost:7456/scripting/x/chunks/3c/3c86f9c892451a64bb1cd6c1fd98a0ae0406cf22.js:70:31
@http://localhost:7456/scripting/engine/bin/.cache/dev/preview/bundled/index.js:52934:26
invoke@http://localhost:7456/scripting/engine/bin/.cache/dev/preview/bundled/index.js:52804:23
activateNode@http://localhost:7456/scripting/engine/bin/.cache/dev/preview/bundled/index.js:54620:33
_activate@http://localhost:7456/scripting/engine/bin/.cache/dev/preview/bundled/index.js:63047:56
runSceneImmediate@http://localhost:7456/scripting/engine/bin/.cache/dev/preview/bundled/index.js:21194:26
@http://localhost:7456/scripting/engine/bin/.cache/dev/preview/bundled/index.js:21273:41
@http://localhost:7456/scripting/engine/bin/.cache/dev/preview/bundled/index.js:126487:21
@http://localhost:7456/scripting/engine/bin/.cache/dev/preview/bundled/index.js:133516:11
@http://localhost:7456/scripting/engine/bin/.cache/dev/preview/bundled/index.js:183477:17
handleRAF@http://localhost:7456/scripting/engine/bin/.cache/dev/preview/bundled/index.js:4693:23
5-5-2026 14:35:37 - error: [Browser Preview]undefined is not an object (evaluating 'this.sfxSlider.progress = (_crd && AudioManager === void 0 ? (_reportPossibleCrUseOfAudioManager({
            error: Error()
          }), AudioManager) : AudioManager).instance.getSFXVolume()')/ninitMusicButton@http://localhost:7456/scripting/x/chunks/97/97ffa46b85bc29c89717fe86158154c106dd7147.js:93:25
onEnable@http://localhost:7456/scripting/x/chunks/97/97ffa46b85bc29c89717fe86158154c106dd7147.js:70:31
@http://localhost:7456/scripting/engine/bin/.cache/dev/preview/bundled/index.js:52934:26
invoke@http://localhost:7456/scripting/engine/bin/.cache/dev/preview/bundled/index.js:52804:23
activateNode@http://localhost:7456/scripting/engine/bin/.cache/dev/preview/bundled/index.js:54620:33
_activate@http://localhost:7456/scripting/engine/bin/.cache/dev/preview/bundled/index.js:63047:56
runSceneImmediate@http://localhost:7456/scripting/engine/bin/.cache/dev/preview/bundled/index.js:21194:26
@http://localhost:7456/scripting/engine/bin/.cache/dev/preview/bundled/index.js:21273:41
@http://localhost:7456/scripting/engine/bin/.cache/dev/preview/bundled/index.js:126487:21
@http://localhost:7456/scripting/engine/bin/.cache/dev/preview/bundled/index.js:133516:11
@http://localhost:7456/scripting/engine/bin/.cache/dev/preview/bundled/index.js:183477:17
handleRAF@http://localhost:7456/scripting/engine/bin/.cache/dev/preview/bundled/index.js:4693:23
5-5-2026 14:36:36 - error: [Browser Preview]undefined is not an object (evaluating 'this.sfxSlider.progress = (_crd && AudioManager === void 0 ? (_reportPossibleCrUseOfAudioManager({
            error: Error()
          }), AudioManager) : AudioManager).instance.getSFXVolume()')/ninitMusicButton@http://localhost:7456/scripting/x/chunks/97/97ffa46b85bc29c89717fe86158154c106dd7147.js:93:25
onEnable@http://localhost:7456/scripting/x/chunks/97/97ffa46b85bc29c89717fe86158154c106dd7147.js:70:31
@http://localhost:7456/scripting/engine/bin/.cache/dev/preview/bundled/index.js:52934:26
invoke@http://localhost:7456/scripting/engine/bin/.cache/dev/preview/bundled/index.js:52804:23
activateNode@http://localhost:7456/scripting/engine/bin/.cache/dev/preview/bundled/index.js:54620:33
_activate@http://localhost:7456/scripting/engine/bin/.cache/dev/preview/bundled/index.js:63047:56
runSceneImmediate@http://localhost:7456/scripting/engine/bin/.cache/dev/preview/bundled/index.js:21194:26
@http://localhost:7456/scripting/engine/bin/.cache/dev/preview/bundled/index.js:21273:41
@http://localhost:7456/scripting/engine/bin/.cache/dev/preview/bundled/index.js:126487:21
@http://localhost:7456/scripting/engine/bin/.cache/dev/preview/bundled/index.js:133516:11
@http://localhost:7456/scripting/engine/bin/.cache/dev/preview/bundled/index.js:183477:17
handleRAF@http://localhost:7456/scripting/engine/bin/.cache/dev/preview/bundled/index.js:4693:23
5-5-2026 14:40:54 - error: [Browser Preview]undefined is not an object (evaluating 'this.bgmSlider.progress')/ninitMusicButton@http://localhost:7456/scripting/x/chunks/77/7772d885a53cf0ccf4a6e85413f040069a14ca96.js:93:37
onEnable@http://localhost:7456/scripting/x/chunks/77/7772d885a53cf0ccf4a6e85413f040069a14ca96.js:70:31
@http://localhost:7456/scripting/engine/bin/.cache/dev/preview/bundled/index.js:52934:26
invoke@http://localhost:7456/scripting/engine/bin/.cache/dev/preview/bundled/index.js:52804:23
activateNode@http://localhost:7456/scripting/engine/bin/.cache/dev/preview/bundled/index.js:54620:33
_activate@http://localhost:7456/scripting/engine/bin/.cache/dev/preview/bundled/index.js:63047:56
runSceneImmediate@http://localhost:7456/scripting/engine/bin/.cache/dev/preview/bundled/index.js:21194:26
@http://localhost:7456/scripting/engine/bin/.cache/dev/preview/bundled/index.js:21273:41
@http://localhost:7456/scripting/engine/bin/.cache/dev/preview/bundled/index.js:126487:21
@http://localhost:7456/scripting/engine/bin/.cache/dev/preview/bundled/index.js:133516:11
@http://localhost:7456/scripting/engine/bin/.cache/dev/preview/bundled/index.js:183477:17
handleRAF@http://localhost:7456/scripting/engine/bin/.cache/dev/preview/bundled/index.js:4693:23
5-5-2026 14:43:31 - error: [Browser Preview]undefined is not an object (evaluating 'this.bgmSlider.progress')/ninitMusicButton@http://localhost:7456/scripting/x/chunks/77/7772d885a53cf0ccf4a6e85413f040069a14ca96.js:93:37
onEnable@http://localhost:7456/scripting/x/chunks/77/7772d885a53cf0ccf4a6e85413f040069a14ca96.js:70:31
@http://localhost:7456/scripting/engine/bin/.cache/dev/preview/bundled/index.js:52934:26
invoke@http://localhost:7456/scripting/engine/bin/.cache/dev/preview/bundled/index.js:52804:23
activateNode@http://localhost:7456/scripting/engine/bin/.cache/dev/preview/bundled/index.js:54620:33
_activate@http://localhost:7456/scripting/engine/bin/.cache/dev/preview/bundled/index.js:63047:56
runSceneImmediate@http://localhost:7456/scripting/engine/bin/.cache/dev/preview/bundled/index.js:21194:26
@http://localhost:7456/scripting/engine/bin/.cache/dev/preview/bundled/index.js:21273:41
@http://localhost:7456/scripting/engine/bin/.cache/dev/preview/bundled/index.js:126487:21
@http://localhost:7456/scripting/engine/bin/.cache/dev/preview/bundled/index.js:133516:11
@http://localhost:7456/scripting/engine/bin/.cache/dev/preview/bundled/index.js:183477:17
handleRAF@http://localhost:7456/scripting/engine/bin/.cache/dev/preview/bundled/index.js:4693:23
5-5-2026 14:54:48 - error: [Browser Preview]undefined is not an object (evaluating 'button.normalSprite')/nonButtonClick@http://localhost:7456/scripting/x/chunks/42/422f5ce6384f1bf85a1f97ff3c08d189b0c53fa3.js:20:34
initMusicButton@http://localhost:7456/scripting/x/chunks/c4/c4cb01170a5951a18810384c7c2b83d9986ed312.js:79:48
onEnable@http://localhost:7456/scripting/x/chunks/c4/c4cb01170a5951a18810384c7c2b83d9986ed312.js:70:31
@http://localhost:7456/scripting/engine/bin/.cache/dev/preview/bundled/index.js:52934:26
invoke@http://localhost:7456/scripting/engine/bin/.cache/dev/preview/bundled/index.js:52804:23
activateNode@http://localhost:7456/scripting/engine/bin/.cache/dev/preview/bundled/index.js:54620:33
_activate@http://localhost:7456/scripting/engine/bin/.cache/dev/preview/bundled/index.js:63047:56
runSceneImmediate@http://localhost:7456/scripting/engine/bin/.cache/dev/preview/bundled/index.js:21194:26
@http://localhost:7456/scripting/engine/bin/.cache/dev/preview/bundled/index.js:21273:41
@http://localhost:7456/scripting/engine/bin/.cache/dev/preview/bundled/index.js:126487:21
@http://localhost:7456/scripting/engine/bin/.cache/dev/preview/bundled/index.js:133516:11
@http://localhost:7456/scripting/engine/bin/.cache/dev/preview/bundled/index.js:183477:17
handleRAF@http://localhost:7456/scripting/engine/bin/.cache/dev/preview/bundled/index.js:4693:23
5-5-2026 15:17:21 - warn: [Window] data in node dump (__comps__.0.anchorPoint x) is null!
5-5-2026 15:17:21 - warn: [Window] data in node dump (__comps__.0.anchorPoint y) is null!
5-5-2026 15:17:21 - warn: [Window] data in node dump (__comps__.0._anchorPoint x) is null!
5-5-2026 15:17:21 - warn: [Window] data in node dump (__comps__.0._anchorPoint y) is null!
5-5-2026 17:23:39 - warn: Metrics: no valid info
